service "my_node_app" is not running
